2026-09-24T23:07:04Z begin netsplit worker
2026-09-24T23:07:04Z done netsplit worker
2026-09-24T23:07:20Z begin netjoin worker
2026-09-24T23:07:20Z done netjoin worker
2026-09-24T23:07:51Z begin netsplit worker
2026-09-24T23:07:51Z done netsplit worker
2026-09-24T23:08:06Z begin netjoin worker
2026-09-24T23:08:06Z done netjoin worker
2026-09-24T23:08:48Z begin pause worker
2026-09-24T23:08:48Z done pause worker
2026-09-24T23:09:08Z begin unpause worker
2026-09-24T23:09:08Z done unpause worker
2026-09-24T23:09:40Z begin netsplit worker
2026-09-24T23:09:40Z done netsplit worker
2026-09-24T23:09:55Z begin netjoin worker
2026-09-24T23:09:55Z done netjoin worker
2026-09-24T23:10:26Z begin kill postgres
2026-09-24T23:10:26Z done kill postgres
2026-09-24T23:10:31Z begin start postgres
2026-09-24T23:10:33Z done start postgres
2026-09-24T23:10:34Z begin netsplit worker
2026-09-24T23:10:34Z done netsplit worker
2026-09-24T23:10:42Z begin netjoin worker
2026-09-24T23:10:42Z done netjoin worker
