2026-09-24T23:22:26Z begin netsplit worker
2026-09-24T23:22:26Z done netsplit worker
2026-09-24T23:22:41Z begin netjoin worker
2026-09-24T23:22:41Z done netjoin worker
2026-09-24T23:23:12Z begin netsplit worker
2026-09-24T23:23:12Z done netsplit worker
2026-09-24T23:23:28Z begin netjoin worker
2026-09-24T23:23:28Z done netjoin worker
2026-09-24T23:24:10Z begin pause worker
2026-09-24T23:24:10Z done pause worker
2026-09-24T23:24:30Z begin unpause worker
2026-09-24T23:24:30Z done unpause worker
2026-09-24T23:25:01Z begin netsplit worker
2026-09-24T23:25:01Z done netsplit worker
2026-09-24T23:25:16Z begin netjoin worker
2026-09-24T23:25:16Z done netjoin worker
2026-09-24T23:25:47Z begin kill postgres
2026-09-24T23:25:47Z done kill postgres
2026-09-24T23:25:52Z begin start postgres
2026-09-24T23:25:54Z done start postgres
2026-09-24T23:25:55Z begin netsplit worker
2026-09-24T23:25:55Z done netsplit worker
2026-09-24T23:26:03Z begin netjoin worker
2026-09-24T23:26:03Z done netjoin worker
