2026-09-24T20:04:24Z begin db-snapshot g1
2026-09-24T20:04:24Z done db-snapshot g1
2026-09-24T20:04:24Z begin bao-snapshot g1
2026-09-24T20:04:24Z done bao-snapshot g1
2026-09-24T20:04:24Z begin store-snapshot g1
2026-09-24T20:04:24Z done store-snapshot g1
2026-09-24T20:04:26Z begin db-snapshot g2
2026-09-24T20:04:26Z done db-snapshot g2
2026-09-24T20:04:26Z begin bao-snapshot g2
2026-09-24T20:04:26Z done bao-snapshot g2
2026-09-24T20:04:27Z begin store-snapshot g2
2026-09-24T20:04:27Z done store-snapshot g2
2026-09-24T20:04:46Z begin bao-destroy kl/app 1
2026-09-24T20:04:47Z done bao-destroy kl/app 1
2026-09-24T20:05:02Z begin bao-delete-key kl-late
2026-09-24T20:05:03Z done bao-delete-key kl-late
2026-09-24T20:05:03Z begin bao-destroy kl/late 1
2026-09-24T20:05:03Z done bao-destroy kl/late 1
2026-09-24T20:05:15Z begin bao-delete-key kl-art
2026-09-24T20:05:15Z done bao-delete-key kl-art
2026-09-24T20:05:33Z begin db-restore g2
2026-09-24T20:05:34Z done db-restore g2
2026-09-24T20:05:34Z begin bao-restore g2
2026-09-24T20:05:40Z done bao-restore g2
2026-09-24T20:05:40Z begin store-restore g2
2026-09-24T20:05:40Z done store-restore g2
2026-09-24T20:05:56Z begin db-restore g1
2026-09-24T20:05:57Z done db-restore g1
2026-09-24T20:06:12Z begin db-restore g2
2026-09-24T20:06:12Z done db-restore g2
2026-09-24T20:06:12Z begin bao-restore g1
2026-09-24T20:06:18Z done bao-restore g1
2026-09-24T20:06:18Z begin store-restore g1
2026-09-24T20:06:18Z done store-restore g1
2026-09-24T20:06:33Z begin db-restore g1
2026-09-24T20:06:34Z done db-restore g1
2026-09-24T20:06:34Z begin store-restore g2
2026-09-24T20:06:34Z done store-restore g2
2026-09-24T20:07:00Z begin store-restore g1
2026-09-24T20:07:00Z done store-restore g1
2026-09-24T20:07:31Z begin db-restore g2
2026-09-24T20:07:32Z done db-restore g2
2026-09-24T20:07:32Z begin bao-restore g2
2026-09-24T20:07:38Z done bao-restore g2
2026-09-24T20:07:38Z begin store-restore g1
2026-09-24T20:07:38Z done store-restore g1
