2026-09-25T15:39:33Z begin netsplit worker
2026-09-25T15:39:33Z done netsplit worker
2026-09-25T15:39:49Z begin netjoin worker
2026-09-25T15:39:49Z done netjoin worker
2026-09-25T15:40:20Z begin netsplit worker
2026-09-25T15:40:20Z done netsplit worker
2026-09-25T15:40:35Z begin netjoin worker
2026-09-25T15:40:35Z done netjoin worker
2026-09-25T15:41:17Z begin pause worker
2026-09-25T15:41:17Z done pause worker
2026-09-25T15:41:37Z begin unpause worker
2026-09-25T15:41:37Z done unpause worker
2026-09-25T15:42:08Z begin netsplit worker
2026-09-25T15:42:09Z done netsplit worker
2026-09-25T15:42:23Z begin netjoin worker
2026-09-25T15:42:23Z done netjoin worker
2026-09-25T15:42:54Z begin kill postgres
2026-09-25T15:42:54Z done kill postgres
2026-09-25T15:43:00Z begin start postgres
2026-09-25T15:43:01Z done start postgres
2026-09-25T15:43:02Z begin netsplit worker
2026-09-25T15:43:02Z done netsplit worker
2026-09-25T15:43:11Z begin netjoin worker
2026-09-25T15:43:11Z done netjoin worker
