2026-09-24T22:33:09Z begin db-snapshot e4-s7-postgres-3906245
2026-09-24T22:33:10Z done db-snapshot e4-s7-postgres-3906245
2026-09-24T22:33:10Z begin db-restore e4-s7-postgres-3906245
2026-09-24T22:33:11Z done db-restore e4-s7-postgres-3906245
2026-09-24T22:34:06Z begin store-snapshot e4-s7-sqlite-3906245
2026-09-24T22:34:06Z done store-snapshot e4-s7-sqlite-3906245
2026-09-24T22:34:07Z begin store-restore e4-s7-sqlite-3906245
2026-09-24T22:34:07Z done store-restore e4-s7-sqlite-3906245
2026-09-24T22:34:17Z begin kill postgres
2026-09-24T22:34:17Z done kill postgres
2026-09-24T22:34:27Z begin start postgres
2026-09-24T22:34:28Z done start postgres
2026-09-24T22:34:29Z begin pause postgres
2026-09-24T22:34:29Z done pause postgres
2026-09-24T22:34:32Z begin unpause postgres
2026-09-24T22:34:32Z done unpause postgres
2026-09-24T22:34:33Z begin netsplit postgres
2026-09-24T22:34:33Z done netsplit postgres
2026-09-24T22:34:38Z begin netjoin postgres
2026-09-24T22:34:38Z done netjoin postgres
2026-09-24T22:34:38Z begin pause postgres
2026-09-24T22:34:38Z done pause postgres
2026-09-24T22:34:41Z begin unpause postgres
2026-09-24T22:34:41Z done unpause postgres
